src/components/notifications/EditTemplateModal.tsx(14,84): error TS2345: Argument of type '"email"' is not assignable to parameter of type '"system" | "promotional" | "transactional" | "marketing" | (() => "system" | "promotional" | "transactional" | "marketing")'.
src/components/notifications/EditTemplateModal.tsx(21,29): error TS2345: Argument of type '"email" | "system" | "promotional" | "transactional" | "marketing"' is not assignable to parameter of type 'SetStateAction<"system" | "promotional" | "transactional" | "marketing">'.
  Type '"email"' is not assignable to type 'SetStateAction<"system" | "promotional" | "transactional" | "marketing">'.
